###############################################################################
#
# IAR ELF Linker V8.20.1.14183/W32 for ARM                12/Feb/2018  21:34:36
# Copyright 2007-2017 IAR Systems AB.
#
#    Output file  =  D:\Projects\Si40\Stage1\Ver1_1\EWARM\Ver1_1\Exe\Ver1_1.out
#    Map file     =  
#        D:\Projects\Si40\Stage1\Ver1_1\EWARM\Ver1_1\List\Ver1_1.map
#    Command line =  
#        -f C:\Users\alena\AppData\Local\Temp\EWA635.tmp
#        (D:\Projects\Si40\Stage1\Ver1_1\EWARM\Ver1_1\Obj\main.o
#        D:\Projects\Si40\Stage1\Ver1_1\EWARM\Ver1_1\Obj\startup_stm32f205xx.o
#        D:\Projects\Si40\Stage1\Ver1_1\EWARM\Ver1_1\Obj\stm32f2xx_hal.o
#        D:\Projects\Si40\Stage1\Ver1_1\EWARM\Ver1_1\Obj\stm32f2xx_hal_cortex.o
#        D:\Projects\Si40\Stage1\Ver1_1\EWARM\Ver1_1\Obj\stm32f2xx_hal_dma.o
#        D:\Projects\Si40\Stage1\Ver1_1\EWARM\Ver1_1\Obj\stm32f2xx_hal_dma_ex.o
#        D:\Projects\Si40\Stage1\Ver1_1\EWARM\Ver1_1\Obj\stm32f2xx_hal_flash.o
#        D:\Projects\Si40\Stage1\Ver1_1\EWARM\Ver1_1\Obj\stm32f2xx_hal_flash_ex.o
#        D:\Projects\Si40\Stage1\Ver1_1\EWARM\Ver1_1\Obj\stm32f2xx_hal_gpio.o
#        D:\Projects\Si40\Stage1\Ver1_1\EWARM\Ver1_1\Obj\stm32f2xx_hal_msp.o
#        D:\Projects\Si40\Stage1\Ver1_1\EWARM\Ver1_1\Obj\stm32f2xx_hal_pwr.o
#        D:\Projects\Si40\Stage1\Ver1_1\EWARM\Ver1_1\Obj\stm32f2xx_hal_pwr_ex.o
#        D:\Projects\Si40\Stage1\Ver1_1\EWARM\Ver1_1\Obj\stm32f2xx_hal_rcc.o
#        D:\Projects\Si40\Stage1\Ver1_1\EWARM\Ver1_1\Obj\stm32f2xx_hal_rcc_ex.o
#        D:\Projects\Si40\Stage1\Ver1_1\EWARM\Ver1_1\Obj\stm32f2xx_hal_rng.o
#        D:\Projects\Si40\Stage1\Ver1_1\EWARM\Ver1_1\Obj\stm32f2xx_hal_tim.o
#        D:\Projects\Si40\Stage1\Ver1_1\EWARM\Ver1_1\Obj\stm32f2xx_hal_tim_ex.o
#        D:\Projects\Si40\Stage1\Ver1_1\EWARM\Ver1_1\Obj\stm32f2xx_hal_uart.o
#        D:\Projects\Si40\Stage1\Ver1_1\EWARM\Ver1_1\Obj\stm32f2xx_hal_wwdg.o
#        D:\Projects\Si40\Stage1\Ver1_1\EWARM\Ver1_1\Obj\stm32f2xx_it.o
#        D:\Projects\Si40\Stage1\Ver1_1\EWARM\Ver1_1\Obj\system_stm32f2xx.o
#        --redirect _Printf=_PrintfFull --redirect _Scanf=_ScanfFull -o
#        D:\Projects\Si40\Stage1\Ver1_1\EWARM\Ver1_1\Exe\Ver1_1.out --map
#        D:\Projects\Si40\Stage1\Ver1_1\EWARM\Ver1_1\List\Ver1_1.map --config
#        D:\Projects\Si40\Stage1\Ver1_1\EWARM/stm32f205xx_flash.icf
#        --semihosting --entry __iar_program_start --vfe --text_out locale)
#
###############################################################################

*******************************************************************************
*** RUNTIME MODEL ATTRIBUTES
***

CppFlavor       = *
__SystemLibrary = DLib
__dlib_version  = 6


*******************************************************************************
*** HEAP SELECTION
***

The basic heap was selected because no calls to memory allocation
functions were found in the application outside of system library
functions, and there are calls to deallocation functions in the
application.


*******************************************************************************
*** PLACEMENT SUMMARY
***

"A0":  place at 0x08000000 { ro section .intvec };
"P1":  place in [from 0x08000000 to 0x080fffff] { ro };
define block CSTACK with size = 1K, alignment = 8 { };
define block HEAP with size = 512, alignment = 8 { };
"P2":  place in [from 0x20000000 to 0x20020000] {
          rw, block CSTACK, block HEAP };
initialize by copy { rw };

  Section            Kind        Address    Size  Object
  -------            ----        -------    ----  ------
"A0":                                      0x184
  .intvec            ro code  0x08000000   0x184  startup_stm32f205xx.o [1]
                            - 0x08000184   0x184

"P1":                                     0x1928
  .text              ro code  0x08000184   0x41c  stm32f2xx_hal_rcc.o [1]
  .text              ro code  0x080005a0     0xc  stm32f2xx_hal.o [1]
  .text              ro code  0x080005ac    0x28  stm32f2xx_hal.o [1]
  .text              ro code  0x080005d4   0x22e  I64DivMod.o [4]
  .text              ro code  0x08000804    0xe6  stm32f2xx_hal_cortex.o [1]
  .text              ro code  0x080008ec     0x2  I64DivZer.o [4]
  .text              ro code  0x080008f0   0x40e  stm32f2xx_hal_uart.o [1]
  .text              ro code  0x08000d00   0x170  stm32f2xx_hal_msp.o [1]
  .text              ro code  0x08000e70    0x24  stm32f2xx_hal_dma.o [1]
  .text              ro code  0x08000e94     0x2  stm32f2xx_hal_uart.o [1]
  .text              ro code  0x08000e96     0x2  stm32f2xx_hal_uart.o [1]
  .text              ro code  0x08000e98     0x2  stm32f2xx_hal_uart.o [1]
  .text              ro code  0x08000e9c   0x1ec  stm32f2xx_hal_gpio.o [1]
  .text              ro code  0x08001088   0x3e0  stm32f2xx_hal_tim.o [1]
  .text              ro code  0x08001468     0x2  stm32f2xx_hal_tim.o [1]
  .text              ro code  0x0800146a     0x2  stm32f2xx_hal_tim.o [1]
  .text              ro code  0x0800146c     0x2  stm32f2xx_hal_tim.o [1]
  .text              ro code  0x0800146e     0x2  stm32f2xx_hal_tim_ex.o [1]
  .text              ro code  0x08001470     0x2  stm32f2xx_hal_tim.o [1]
  .text              ro code  0x08001472     0x2  stm32f2xx_hal_tim_ex.o [1]
  .text              ro code  0x08001474     0x2  stm32f2xx_hal_tim.o [1]
  .text              ro code  0x08001478   0x220  main.o [1]
  .text              ro code  0x08001698    0x34  stm32f2xx_hal.o [1]
  .text              ro code  0x080016cc    0x2e  stm32f2xx_hal_rng.o [1]
  .text              ro code  0x080016fa    0x28  stm32f2xx_hal_wwdg.o [1]
  .text              ro code  0x08001724    0xa4  stm32f2xx_hal_tim_ex.o [1]
  .text              ro code  0x080017c8    0x50  system_stm32f2xx.o [1]
  .text              ro code  0x08001818    0x40  zero_init3.o [4]
  .text              ro code  0x08001858    0x38  stm32f2xx_it.o [1]
  .text              ro code  0x08001890    0x10  stm32f2xx_hal.o [1]
  .text              ro code  0x080018a0    0x2c  copy_init3.o [4]
  .text              ro code  0x080018cc    0x28  data_init.o [4]
  .iar.init_table    const    0x080018f4    0x24  - Linker created -
  .text              ro code  0x08001918    0x1e  cmain.o [4]
  .text              ro code  0x08001936     0x4  low_level_init.o [3]
  .text              ro code  0x0800193a     0x4  exit.o [3]
  .text              ro code  0x08001940     0xa  cexit.o [4]
  .text              ro code  0x0800194c    0x14  exit.o [5]
  .text              ro code  0x08001960    0x10  startup_stm32f205xx.o [1]
  .text              ro code  0x08001970     0xc  cstartup_M.o [4]
  .rodata            const    0x0800197c     0x8  system_stm32f2xx.o [1]
  .text              ro code  0x08001984     0x4  startup_stm32f205xx.o [1]
  .text              ro code  0x08001988     0x4  startup_stm32f205xx.o [1]
  .text              ro code  0x0800198c     0x4  startup_stm32f205xx.o [1]
  .text              ro code  0x08001990     0x4  startup_stm32f205xx.o [1]
  .text              ro code  0x08001994     0x4  startup_stm32f205xx.o [1]
  .text              ro code  0x08001998     0x4  startup_stm32f205xx.o [1]
  .text              ro code  0x0800199c     0x4  startup_stm32f205xx.o [1]
  .text              ro code  0x080019a0     0x4  startup_stm32f205xx.o [1]
  .text              ro code  0x080019a4     0x4  startup_stm32f205xx.o [1]
  .text              ro code  0x080019a8     0x4  startup_stm32f205xx.o [1]
  .text              ro code  0x080019ac     0x4  startup_stm32f205xx.o [1]
  .text              ro code  0x080019b0     0x4  startup_stm32f205xx.o [1]
  .text              ro code  0x080019b4     0x4  startup_stm32f205xx.o [1]
  .text              ro code  0x080019b8     0x4  startup_stm32f205xx.o [1]
  .text              ro code  0x080019bc     0x4  startup_stm32f205xx.o [1]
  .text              ro code  0x080019c0     0x4  startup_stm32f205xx.o [1]
  .text              ro code  0x080019c4     0x4  startup_stm32f205xx.o [1]
  .text              ro code  0x080019c8     0x4  startup_stm32f205xx.o [1]
  .text              ro code  0x080019cc     0x4  startup_stm32f205xx.o [1]
  .text              ro code  0x080019d0     0x4  startup_stm32f205xx.o [1]
  .text              ro code  0x080019d4     0x4  startup_stm32f205xx.o [1]
  .text              ro code  0x080019d8     0x4  startup_stm32f205xx.o [1]
  .text              ro code  0x080019dc     0x4  startup_stm32f205xx.o [1]
  .text              ro code  0x080019e0     0x4  startup_stm32f205xx.o [1]
  .text              ro code  0x080019e4     0x4  startup_stm32f205xx.o [1]
  .text              ro code  0x080019e8     0x4  startup_stm32f205xx.o [1]
  .text              ro code  0x080019ec     0x4  startup_stm32f205xx.o [1]
  .text              ro code  0x080019f0     0x4  startup_stm32f205xx.o [1]
  .text              ro code  0x080019f4     0x4  startup_stm32f205xx.o [1]
  .text              ro code  0x080019f8     0x4  startup_stm32f205xx.o [1]
  .text              ro code  0x080019fc     0x4  startup_stm32f205xx.o [1]
  .text              ro code  0x08001a00     0x4  startup_stm32f205xx.o [1]
  .text              ro code  0x08001a04     0x4  startup_stm32f205xx.o [1]
  .text              ro code  0x08001a08     0x4  startup_stm32f205xx.o [1]
  .text              ro code  0x08001a0c     0x4  startup_stm32f205xx.o [1]
  .text              ro code  0x08001a10     0x4  startup_stm32f205xx.o [1]
  .text              ro code  0x08001a14     0x4  startup_stm32f205xx.o [1]
  .text              ro code  0x08001a18     0x4  startup_stm32f205xx.o [1]
  .text              ro code  0x08001a1c     0x4  startup_stm32f205xx.o [1]
  .text              ro code  0x08001a20     0x4  startup_stm32f205xx.o [1]
  .text              ro code  0x08001a24     0x4  startup_stm32f205xx.o [1]
  .text              ro code  0x08001a28     0x4  startup_stm32f205xx.o [1]
  .text              ro code  0x08001a2c     0x4  startup_stm32f205xx.o [1]
  .text              ro code  0x08001a30     0x4  startup_stm32f205xx.o [1]
  .text              ro code  0x08001a34     0x4  startup_stm32f205xx.o [1]
  .text              ro code  0x08001a38     0x4  startup_stm32f205xx.o [1]
  .text              ro code  0x08001a3c     0x4  startup_stm32f205xx.o [1]
  .text              ro code  0x08001a40     0x4  startup_stm32f205xx.o [1]
  .text              ro code  0x08001a44     0x4  startup_stm32f205xx.o [1]
  .text              ro code  0x08001a48     0x4  startup_stm32f205xx.o [1]
  .text              ro code  0x08001a4c     0x4  startup_stm32f205xx.o [1]
  .text              ro code  0x08001a50     0x4  startup_stm32f205xx.o [1]
  .text              ro code  0x08001a54     0x4  startup_stm32f205xx.o [1]
  .text              ro code  0x08001a58     0x4  startup_stm32f205xx.o [1]
  .text              ro code  0x08001a5c     0x4  startup_stm32f205xx.o [1]
  .text              ro code  0x08001a60     0x4  startup_stm32f205xx.o [1]
  .text              ro code  0x08001a64     0x4  startup_stm32f205xx.o [1]
  .text              ro code  0x08001a68     0x4  startup_stm32f205xx.o [1]
  .text              ro code  0x08001a6c     0x4  startup_stm32f205xx.o [1]
  .text              ro code  0x08001a70     0x4  startup_stm32f205xx.o [1]
  .text              ro code  0x08001a74     0x4  startup_stm32f205xx.o [1]
  .text              ro code  0x08001a78     0x4  startup_stm32f205xx.o [1]
  .text              ro code  0x08001a7c     0x4  startup_stm32f205xx.o [1]
  .text              ro code  0x08001a80     0x4  startup_stm32f205xx.o [1]
  .text              ro code  0x08001a84     0x4  startup_stm32f205xx.o [1]
  .text              ro code  0x08001a88     0x4  startup_stm32f205xx.o [1]
  .text              ro code  0x08001a8c     0x4  startup_stm32f205xx.o [1]
  .text              ro code  0x08001a90     0x4  startup_stm32f205xx.o [1]
  .text              ro code  0x08001a94     0x4  startup_stm32f205xx.o [1]
  .text              ro code  0x08001a98     0x4  startup_stm32f205xx.o [1]
  .text              ro code  0x08001a9c     0x4  startup_stm32f205xx.o [1]
  .text              ro code  0x08001aa0     0x4  startup_stm32f205xx.o [1]
  .text              ro code  0x08001aa4     0x4  startup_stm32f205xx.o [1]
  Initializer bytes  const    0x08001aa8     0x4  <for P2-1>
  .rodata            const    0x08001aac     0x0  zero_init3.o [4]
  .rodata            const    0x08001aac     0x0  copy_init3.o [4]
                            - 0x08001aac  0x1928

"P2", part 1 of 3:                           0x4
  P2-1                        0x20000000     0x4  <Init block>
    .data            inited   0x20000000     0x4  system_stm32f2xx.o [1]
                            - 0x20000004     0x4

"P2", part 2 of 3:                          0xa4
  .bss               zero     0x20000004    0x60  main.o [1]
  .bss               zero     0x20000064    0x40  main.o [1]
  .bss               zero     0x200000a4     0x4  stm32f2xx_hal.o [1]
                            - 0x200000a8    0xa4

"P2", part 3 of 3:                         0x400
  CSTACK                      0x200000a8   0x400  <Block>
    CSTACK           uninit   0x200000a8   0x400  <Block tail>
                            - 0x200004a8   0x400


*******************************************************************************
*** INIT TABLE
***

          Address     Size
          -------     ----
Zero (__iar_zero_init3)
    1 destination range, total size 0xa4:
          0x20000004  0xa4

Copy (__iar_copy_init3)
    1 source range, total size 0x4:
          0x08001aa8   0x4
    1 destination range, total size 0x4:
          0x20000000   0x4



*******************************************************************************
*** MODULE SUMMARY
***

    Module                  ro code  ro data  rw data
    ------                  -------  -------  -------
D:\Projects\Si40\Stage1\Ver1_1\EWARM\Ver1_1\Obj: [1]
    main.o                      544               160
    startup_stm32f205xx.o       696
    stm32f2xx_hal.o             120                 4
    stm32f2xx_hal_cortex.o      230
    stm32f2xx_hal_dma.o          36
    stm32f2xx_hal_gpio.o        492
    stm32f2xx_hal_msp.o         368
    stm32f2xx_hal_rcc.o       1 052
    stm32f2xx_hal_rng.o          46
    stm32f2xx_hal_tim.o       1 002
    stm32f2xx_hal_tim_ex.o      168
    stm32f2xx_hal_uart.o      1 044
    stm32f2xx_hal_wwdg.o         40
    stm32f2xx_it.o               56
    system_stm32f2xx.o           80       12        4
    -------------------------------------------------
    Total:                    5 974       12      168

command line: [2]
    -------------------------------------------------
    Total:

dl7M_tlf.a: [3]
    exit.o                        4
    low_level_init.o              4
    -------------------------------------------------
    Total:                        8

rt7M_tl.a: [4]
    I64DivMod.o                 558
    I64DivZer.o                   2
    cexit.o                      10
    cmain.o                      30
    copy_init3.o                 44
    cstartup_M.o                 12
    data_init.o                  40
    zero_init3.o                 64
    -------------------------------------------------
    Total:                      760

shb_l.a: [5]
    exit.o                       20
    -------------------------------------------------
    Total:                       20

    Gaps                         18
    Linker created                        36    1 024
-----------------------------------------------------
    Grand Total:              6 780       48    1 192


*******************************************************************************
*** ENTRY LIST
***

Entry                      Address   Size  Type      Object
-----                      -------   ----  ----      ------
.iar.init_table$$Base   0x080018f4          --   Gb  - Linker created -
.iar.init_table$$Limit  0x08001918          --   Gb  - Linker created -
?main                   0x08001919         Code  Gb  cmain.o [4]
AHBPrescTable           0x08001808   0x10  Data  Gb  system_stm32f2xx.o [1]
APBPrescTable           0x0800197c    0x8  Data  Gb  system_stm32f2xx.o [1]
BusFault_Handler        0x0800185f    0x2  Code  Gb  stm32f2xx_it.o [1]
CSTACK$$Base            0x200000a8          --   Gb  - Linker created -
CSTACK$$Limit           0x200004a8          --   Gb  - Linker created -
DebugMon_Handler        0x08001865    0x2  Code  Gb  stm32f2xx_it.o [1]
HAL_DMA_Abort_IT        0x08000e71   0x24  Code  Gb  stm32f2xx_hal_dma.o [1]
HAL_GPIO_Init           0x08000e9d  0x1bc  Code  Gb  stm32f2xx_hal_gpio.o [1]
HAL_GetTick             0x080005a1    0xc  Code  Wk  stm32f2xx_hal.o [1]
HAL_IncTick             0x08001891   0x10  Code  Wk  stm32f2xx_hal.o [1]
HAL_Init                0x08001699   0x30  Code  Gb  stm32f2xx_hal.o [1]
HAL_InitTick            0x080005ad   0x28  Code  Wk  stm32f2xx_hal.o [1]
HAL_MspInit             0x08000d01   0x60  Code  Gb  stm32f2xx_hal_msp.o [1]
HAL_NVIC_EnableIRQ      0x08000877    0xa  Code  Gb  stm32f2xx_hal_cortex.o [1]
HAL_NVIC_SetPriority    0x0800083d   0x3a  Code  Gb  stm32f2xx_hal_cortex.o [1]
HAL_NVIC_SetPriorityGrouping
                        0x08000823   0x1a  Code  Gb  stm32f2xx_hal_cortex.o [1]
HAL_RCC_ClockConfig     0x080003ef   0xfa  Code  Gb  stm32f2xx_hal_rcc.o [1]
HAL_RCC_GetHCLKFreq     0x08000541    0x6  Code  Gb  stm32f2xx_hal_rcc.o [1]
HAL_RCC_GetPCLK1Freq    0x08000547   0x10  Code  Gb  stm32f2xx_hal_rcc.o [1]
HAL_RCC_GetPCLK2Freq    0x08000557    0xe  Code  Gb  stm32f2xx_hal_rcc.o [1]
HAL_RCC_GetSysClockFreq
                        0x080004f5   0x4c  Code  Gb  stm32f2xx_hal_rcc.o [1]
HAL_RCC_OscConfig       0x08000185  0x26a  Code  Gb  stm32f2xx_hal_rcc.o [1]
HAL_RNG_Init            0x080016cd   0x2e  Code  Gb  stm32f2xx_hal_rng.o [1]
HAL_RNG_MspInit         0x08000d61   0x26  Code  Gb  stm32f2xx_hal_msp.o [1]
HAL_SYSTICK_CLKSourceConfig
                        0x080008b3   0x1a  Code  Gb  stm32f2xx_hal_cortex.o [1]
HAL_SYSTICK_Config      0x0800088b   0x28  Code  Gb  stm32f2xx_hal_cortex.o [1]
HAL_SYSTICK_IRQHandler  0x080008e5    0x4  Code  Gb  stm32f2xx_hal_cortex.o [1]
HAL_TIMEx_BreakCallback
                        0x0800146f    0x2  Code  Wk  stm32f2xx_hal_tim_ex.o [1]
HAL_TIMEx_CommutationCallback
                        0x08001473    0x2  Code  Wk  stm32f2xx_hal_tim_ex.o [1]
HAL_TIMEx_ConfigBreakDeadTime
                        0x0800176f   0x5a  Code  Gb  stm32f2xx_hal_tim_ex.o [1]
HAL_TIMEx_MasterConfigSynchronization
                        0x08001725   0x4a  Code  Gb  stm32f2xx_hal_tim_ex.o [1]
HAL_TIM_IRQHandler      0x080010c5  0x142  Code  Gb  stm32f2xx_hal_tim.o [1]
HAL_TIM_MspPostInit     0x08000dad   0x30  Code  Gb  stm32f2xx_hal_msp.o [1]
HAL_TIM_OC_ConfigChannel
                        0x0800120d   0x48  Code  Gb  stm32f2xx_hal_tim.o [1]
HAL_TIM_OC_Init         0x08001089   0x18  Code  Gb  stm32f2xx_hal_tim.o [1]
HAL_TIM_OC_MspInit      0x08000d87   0x26  Code  Gb  stm32f2xx_hal_msp.o [1]
HAL_UART_IRQHandler     0x08000975  0x152  Code  Gb  stm32f2xx_hal_uart.o [1]
HAL_UART_Init           0x080008f1   0x1e  Code  Gb  stm32f2xx_hal_uart.o [1]
HAL_UART_MspInit        0x08000ddd   0x46  Code  Gb  stm32f2xx_hal_msp.o [1]
HAL_WWDG_Init           0x080016fb   0x28  Code  Gb  stm32f2xx_hal_wwdg.o [1]
HAL_WWDG_MspInit        0x08000e23   0x26  Code  Gb  stm32f2xx_hal_msp.o [1]
HardFault_Handler       0x0800185b    0x2  Code  Gb  stm32f2xx_it.o [1]
MX_TIM1_Init            0x080015d5   0xa6  Code  Lc  main.o [1]
MemManage_Handler       0x0800185d    0x2  Code  Gb  stm32f2xx_it.o [1]
NMI_Handler             0x08001859    0x2  Code  Gb  stm32f2xx_it.o [1]
NVIC_SetPriority        0x08000805   0x1e  Code  Lc  stm32f2xx_hal_cortex.o [1]
PendSV_Handler          0x08001867    0x2  Code  Gb  stm32f2xx_it.o [1]
RCC_IRQHandler          0x08001877    0x2  Code  Gb  stm32f2xx_it.o [1]
Region$$Table$$Base     0x080018f4          --   Gb  - Linker created -
Region$$Table$$Limit    0x08001918          --   Gb  - Linker created -
SVC_Handler             0x08001863    0x2  Code  Gb  stm32f2xx_it.o [1]
SysTick_Handler         0x08001869    0xe  Code  Gb  stm32f2xx_it.o [1]
SystemClock_Config      0x0800155d   0x78  Code  Gb  main.o [1]
SystemCoreClock         0x20000000    0x4  Data  Gb  system_stm32f2xx.o [1]
SystemInit              0x080017c9   0x30  Code  Gb  system_stm32f2xx.o [1]
TIM1_CC_IRQHandler      0x0800187b    0x2  Code  Gb  stm32f2xx_it.o [1]
TIM1_UP_TIM10_IRQHandler
                        0x08001879    0x2  Code  Gb  stm32f2xx_it.o [1]
TIM_Base_SetConfig      0x0800125f   0x96  Code  Gb  stm32f2xx_hal_tim.o [1]
TIM_OC1_SetConfig       0x08001351   0x4a  Code  Lc  stm32f2xx_hal_tim.o [1]
TIM_OC2_SetConfig       0x080012f7   0x58  Code  Gb  stm32f2xx_hal_tim.o [1]
TIM_OC3_SetConfig       0x0800139b   0x50  Code  Lc  stm32f2xx_hal_tim.o [1]
TIM_OC4_SetConfig       0x080013f7   0x46  Code  Lc  stm32f2xx_hal_tim.o [1]
UART_DMAAbortOnError    0x08000ae5    0xc  Code  Lc  stm32f2xx_hal_uart.o [1]
UART_EndRxTransfer      0x08000ac7   0x1c  Code  Lc  stm32f2xx_hal_uart.o [1]
UART_Receive_IT         0x08000af1   0x8c  Code  Lc  stm32f2xx_hal_uart.o [1]
UART_SetConfig          0x08000b7d  0x13a  Code  Lc  stm32f2xx_hal_uart.o [1]
USART1_IRQHandler       0x08001883    0x6  Code  Gb  stm32f2xx_it.o [1]
UsageFault_Handler      0x08001861    0x2  Code  Gb  stm32f2xx_it.o [1]
__aeabi_ldiv0           0x080008ed         Code  Gb  I64DivZer.o [4]
__aeabi_uldivmod        0x080005d5         Code  Gb  I64DivMod.o [4]
__cmain                 0x08001919         Code  Gb  cmain.o [4]
__exit                  0x0800194d   0x14  Code  Gb  exit.o [5]
__iar_copy_init3        0x080018a1   0x2c  Code  Gb  copy_init3.o [4]
__iar_data_init3        0x080018cd   0x28  Code  Gb  data_init.o [4]
__iar_program_start     0x08001971         Code  Gb  cstartup_M.o [4]
__iar_systems$$module {Abs}
                        0x00000001         Data  Gb  command line/config [2]
__iar_zero_init3        0x08001819   0x40  Code  Gb  zero_init3.o [4]
__low_level_init        0x08001937    0x4  Code  Gb  low_level_init.o [3]
__vector_table          0x08000000         Data  Gb  startup_stm32f205xx.o [1]
_call_main              0x08001925         Code  Gb  cmain.o [4]
_exit                   0x08001941         Code  Gb  cexit.o [4]
_main                   0x08001933         Code  Gb  cmain.o [4]
exit                    0x0800193b    0x4  Code  Gb  exit.o [3]
hrng                    0x20000058    0xc  Data  Gb  main.o [1]
htim1                   0x20000064   0x40  Data  Gb  main.o [1]
huart1                  0x20000004   0x40  Data  Gb  main.o [1]
hwwdg                   0x20000044   0x14  Data  Gb  main.o [1]
main                    0x08001479   0xe4  Code  Gb  main.o [1]
uwTick                  0x200000a4    0x4  Data  Gb  stm32f2xx_hal.o [1]


[1] = D:\Projects\Si40\Stage1\Ver1_1\EWARM\Ver1_1\Obj
[2] = command line
[3] = dl7M_tlf.a
[4] = rt7M_tl.a
[5] = shb_l.a

  6 780 bytes of readonly  code memory
     48 bytes of readonly  data memory
  1 192 bytes of readwrite data memory

Errors: none
Warnings: none
