###############################################################################
#
# IAR ELF Linker V8.20.1.14183/W32 for ARM                09/Apr/2018  20:47:38
# Copyright 2007-2017 IAR Systems AB.
#
#    Output file  =  D:\Projects\Si40\Stage2\Ver2_1\EWARM\Ver2_1\Exe\Ver2_1.out
#    Map file     =  
#        D:\Projects\Si40\Stage2\Ver2_1\EWARM\Ver2_1\List\Ver2_1.map
#    Command line =  
#        -f C:\Users\alena\AppData\Local\Temp\EW531F.tmp
#        (D:\Projects\Si40\Stage2\Ver2_1\EWARM\Ver2_1\Obj\flash.o
#        D:\Projects\Si40\Stage2\Ver2_1\EWARM\Ver2_1\Obj\gpio.o
#        D:\Projects\Si40\Stage2\Ver2_1\EWARM\Ver2_1\Obj\main.o
#        D:\Projects\Si40\Stage2\Ver2_1\EWARM\Ver2_1\Obj\startup_stm32f205xx.o
#        D:\Projects\Si40\Stage2\Ver2_1\EWARM\Ver2_1\Obj\stm32f2xx_hal.o
#        D:\Projects\Si40\Stage2\Ver2_1\EWARM\Ver2_1\Obj\stm32f2xx_hal_cortex.o
#        D:\Projects\Si40\Stage2\Ver2_1\EWARM\Ver2_1\Obj\stm32f2xx_hal_dma.o
#        D:\Projects\Si40\Stage2\Ver2_1\EWARM\Ver2_1\Obj\stm32f2xx_hal_dma_ex.o
#        D:\Projects\Si40\Stage2\Ver2_1\EWARM\Ver2_1\Obj\stm32f2xx_hal_flash.o
#        D:\Projects\Si40\Stage2\Ver2_1\EWARM\Ver2_1\Obj\stm32f2xx_hal_flash_ex.o
#        D:\Projects\Si40\Stage2\Ver2_1\EWARM\Ver2_1\Obj\stm32f2xx_hal_gpio.o
#        D:\Projects\Si40\Stage2\Ver2_1\EWARM\Ver2_1\Obj\stm32f2xx_hal_msp.o
#        D:\Projects\Si40\Stage2\Ver2_1\EWARM\Ver2_1\Obj\stm32f2xx_hal_pwr.o
#        D:\Projects\Si40\Stage2\Ver2_1\EWARM\Ver2_1\Obj\stm32f2xx_hal_pwr_ex.o
#        D:\Projects\Si40\Stage2\Ver2_1\EWARM\Ver2_1\Obj\stm32f2xx_hal_rcc.o
#        D:\Projects\Si40\Stage2\Ver2_1\EWARM\Ver2_1\Obj\stm32f2xx_hal_rcc_ex.o
#        D:\Projects\Si40\Stage2\Ver2_1\EWARM\Ver2_1\Obj\stm32f2xx_hal_rng.o
#        D:\Projects\Si40\Stage2\Ver2_1\EWARM\Ver2_1\Obj\stm32f2xx_hal_tim.o
#        D:\Projects\Si40\Stage2\Ver2_1\EWARM\Ver2_1\Obj\stm32f2xx_hal_tim_ex.o
#        D:\Projects\Si40\Stage2\Ver2_1\EWARM\Ver2_1\Obj\stm32f2xx_hal_uart.o
#        D:\Projects\Si40\Stage2\Ver2_1\EWARM\Ver2_1\Obj\stm32f2xx_hal_wwdg.o
#        D:\Projects\Si40\Stage2\Ver2_1\EWARM\Ver2_1\Obj\stm32f2xx_it.o
#        D:\Projects\Si40\Stage2\Ver2_1\EWARM\Ver2_1\Obj\system_stm32f2xx.o
#        D:\Projects\Si40\Stage2\Ver2_1\EWARM\Ver2_1\Obj\uart.o --redirect
#        _Printf=_PrintfFull --redirect _Scanf=_ScanfFull -o
#        D:\Projects\Si40\Stage2\Ver2_1\EWARM\Ver2_1\Exe\Ver2_1.out --map
#        D:\Projects\Si40\Stage2\Ver2_1\EWARM\Ver2_1\List\Ver2_1.map --config
#        D:\Projects\Si40\Stage2\Ver2_1\EWARM/stm32f205xx_flash.icf
#        --semihosting --entry __iar_program_start --vfe --text_out locale)
#
###############################################################################

*******************************************************************************
*** RUNTIME MODEL ATTRIBUTES
***

CppFlavor       = *
__SystemLibrary = DLib
__dlib_version  = 6


*******************************************************************************
*** HEAP SELECTION
***

The basic heap was selected because no calls to memory allocation
functions were found in the application outside of system library
functions, and there are calls to deallocation functions in the
application.


*******************************************************************************
*** PLACEMENT SUMMARY
***

"A0":  place at 0x08000000 { ro section .intvec };
"P1":  place in [from 0x08000000 to 0x080fffff] { ro };
define block CSTACK with size = 1K, alignment = 8 { };
define block HEAP with size = 512, alignment = 8 { };
"P2":  place in [from 0x20000000 to 0x20020000] {
          rw, block CSTACK, block HEAP };
initialize by copy { rw };

  Section            Kind        Address    Size  Object
  -------            ----        -------    ----  ------
"A0":                                      0x184
  .intvec            ro code  0x08000000   0x184  startup_stm32f205xx.o [1]
                            - 0x08000184   0x184

"P1":                                     0x183c
  .text              ro code  0x08000184   0x4aa  stm32f2xx_hal_uart.o [1]
  .text              ro code  0x08000630    0xc8  stm32f2xx_hal_msp.o [1]
  .text              ro code  0x080006f8    0x24  stm32f2xx_hal_dma.o [1]
  .text              ro code  0x0800071c   0x100  uart.o [1]
  .text              ro code  0x0800081c   0x414  stm32f2xx_hal_rcc.o [1]
  .text              ro code  0x08000c30    0xce  stm32f2xx_hal_cortex.o [1]
  .text              ro code  0x08000d00   0x1f8  stm32f2xx_hal_gpio.o [1]
  .text              ro code  0x08000ef8   0x104  main.o [1]
  .text              ro code  0x08000ffc     0xc  stm32f2xx_hal.o [1]
  .text              ro code  0x08001008    0x28  stm32f2xx_hal.o [1]
  .text              ro code  0x08001030   0x22e  I64DivMod.o [4]
  .text              ro code  0x08001260    0x34  stm32f2xx_hal.o [1]
  .text              ro code  0x08001294    0x4c  gpio.o [1]
  .text              ro code  0x080012e0    0xbc  flash.o [1]
  .text              ro code  0x0800139c     0x2  I64DivZer.o [4]
  .text              ro code  0x080013a0   0x1d0  stm32f2xx_hal_flash.o [1]
  .text              ro code  0x08001570   0x15c  stm32f2xx_hal_flash_ex.o [1]
  .text              ro code  0x080016cc    0x50  system_stm32f2xx.o [1]
  .text              ro code  0x0800171c    0x40  zero_init3.o [4]
  .text              ro code  0x0800175c    0x38  packbits_init_single.o [4]
  .text              ro code  0x08001794    0x28  stm32f2xx_it.o [1]
  .text              ro code  0x080017bc    0x10  stm32f2xx_hal.o [1]
  .text              ro code  0x080017cc    0x28  data_init.o [4]
  .iar.init_table    const    0x080017f4    0x20  - Linker created -
  .text              ro code  0x08001814    0x1e  cmain.o [4]
  .text              ro code  0x08001832     0x4  low_level_init.o [3]
  .text              ro code  0x08001836     0x4  exit.o [3]
  .text              ro code  0x0800183c     0xa  cexit.o [4]
  .text              ro code  0x08001848    0x14  exit.o [5]
  .text              ro code  0x0800185c    0x10  startup_stm32f205xx.o [1]
  .text              ro code  0x0800186c     0xc  cstartup_M.o [4]
  .rodata            const    0x08001878     0x8  system_stm32f2xx.o [1]
  .text              ro code  0x08001880     0x4  startup_stm32f205xx.o [1]
  .text              ro code  0x08001884     0x4  startup_stm32f205xx.o [1]
  .text              ro code  0x08001888     0x4  startup_stm32f205xx.o [1]
  .text              ro code  0x0800188c     0x4  startup_stm32f205xx.o [1]
  .text              ro code  0x08001890     0x4  startup_stm32f205xx.o [1]
  .text              ro code  0x08001894     0x4  startup_stm32f205xx.o [1]
  .text              ro code  0x08001898     0x4  startup_stm32f205xx.o [1]
  .text              ro code  0x0800189c     0x4  startup_stm32f205xx.o [1]
  .text              ro code  0x080018a0     0x4  startup_stm32f205xx.o [1]
  .text              ro code  0x080018a4     0x4  startup_stm32f205xx.o [1]
  .text              ro code  0x080018a8     0x4  startup_stm32f205xx.o [1]
  .text              ro code  0x080018ac     0x4  startup_stm32f205xx.o [1]
  .text              ro code  0x080018b0     0x4  startup_stm32f205xx.o [1]
  .text              ro code  0x080018b4     0x4  startup_stm32f205xx.o [1]
  .text              ro code  0x080018b8     0x4  startup_stm32f205xx.o [1]
  .text              ro code  0x080018bc     0x4  startup_stm32f205xx.o [1]
  .text              ro code  0x080018c0     0x4  startup_stm32f205xx.o [1]
  .text              ro code  0x080018c4     0x4  startup_stm32f205xx.o [1]
  .text              ro code  0x080018c8     0x4  startup_stm32f205xx.o [1]
  .text              ro code  0x080018cc     0x4  startup_stm32f205xx.o [1]
  .text              ro code  0x080018d0     0x4  startup_stm32f205xx.o [1]
  .text              ro code  0x080018d4     0x4  startup_stm32f205xx.o [1]
  .text              ro code  0x080018d8     0x4  startup_stm32f205xx.o [1]
  .text              ro code  0x080018dc     0x4  startup_stm32f205xx.o [1]
  .text              ro code  0x080018e0     0x4  startup_stm32f205xx.o [1]
  .text              ro code  0x080018e4     0x4  startup_stm32f205xx.o [1]
  .text              ro code  0x080018e8     0x4  startup_stm32f205xx.o [1]
  .text              ro code  0x080018ec     0x4  startup_stm32f205xx.o [1]
  .text              ro code  0x080018f0     0x4  startup_stm32f205xx.o [1]
  .text              ro code  0x080018f4     0x4  startup_stm32f205xx.o [1]
  .text              ro code  0x080018f8     0x4  startup_stm32f205xx.o [1]
  .text              ro code  0x080018fc     0x4  startup_stm32f205xx.o [1]
  .text              ro code  0x08001900     0x4  startup_stm32f205xx.o [1]
  .text              ro code  0x08001904     0x4  startup_stm32f205xx.o [1]
  .text              ro code  0x08001908     0x4  startup_stm32f205xx.o [1]
  .text              ro code  0x0800190c     0x4  startup_stm32f205xx.o [1]
  .text              ro code  0x08001910     0x4  startup_stm32f205xx.o [1]
  .text              ro code  0x08001914     0x4  startup_stm32f205xx.o [1]
  .text              ro code  0x08001918     0x4  startup_stm32f205xx.o [1]
  .text              ro code  0x0800191c     0x4  startup_stm32f205xx.o [1]
  .text              ro code  0x08001920     0x4  startup_stm32f205xx.o [1]
  .text              ro code  0x08001924     0x4  startup_stm32f205xx.o [1]
  .text              ro code  0x08001928     0x4  startup_stm32f205xx.o [1]
  .text              ro code  0x0800192c     0x4  startup_stm32f205xx.o [1]
  .text              ro code  0x08001930     0x4  startup_stm32f205xx.o [1]
  .text              ro code  0x08001934     0x4  startup_stm32f205xx.o [1]
  .text              ro code  0x08001938     0x4  startup_stm32f205xx.o [1]
  .text              ro code  0x0800193c     0x4  startup_stm32f205xx.o [1]
  .text              ro code  0x08001940     0x4  startup_stm32f205xx.o [1]
  .text              ro code  0x08001944     0x4  startup_stm32f205xx.o [1]
  .text              ro code  0x08001948     0x4  startup_stm32f205xx.o [1]
  .text              ro code  0x0800194c     0x4  startup_stm32f205xx.o [1]
  .text              ro code  0x08001950     0x4  startup_stm32f205xx.o [1]
  .text              ro code  0x08001954     0x4  startup_stm32f205xx.o [1]
  .text              ro code  0x08001958     0x4  startup_stm32f205xx.o [1]
  .text              ro code  0x0800195c     0x4  startup_stm32f205xx.o [1]
  .text              ro code  0x08001960     0x4  startup_stm32f205xx.o [1]
  .text              ro code  0x08001964     0x4  startup_stm32f205xx.o [1]
  .text              ro code  0x08001968     0x4  startup_stm32f205xx.o [1]
  .text              ro code  0x0800196c     0x4  startup_stm32f205xx.o [1]
  .text              ro code  0x08001970     0x4  startup_stm32f205xx.o [1]
  .text              ro code  0x08001974     0x4  startup_stm32f205xx.o [1]
  .text              ro code  0x08001978     0x4  startup_stm32f205xx.o [1]
  .text              ro code  0x0800197c     0x4  startup_stm32f205xx.o [1]
  .text              ro code  0x08001980     0x4  startup_stm32f205xx.o [1]
  .text              ro code  0x08001984     0x4  startup_stm32f205xx.o [1]
  .text              ro code  0x08001988     0x4  startup_stm32f205xx.o [1]
  .text              ro code  0x0800198c     0x4  startup_stm32f205xx.o [1]
  .text              ro code  0x08001990     0x4  startup_stm32f205xx.o [1]
  .text              ro code  0x08001994     0x4  startup_stm32f205xx.o [1]
  .text              ro code  0x08001998     0x4  startup_stm32f205xx.o [1]
  .text              ro code  0x0800199c     0x4  startup_stm32f205xx.o [1]
  .text              ro code  0x080019a0     0x4  startup_stm32f205xx.o [1]
  .text              ro code  0x080019a4     0x4  startup_stm32f205xx.o [1]
  .text              ro code  0x080019a8     0x4  startup_stm32f205xx.o [1]
  .text              ro code  0x080019ac     0x4  startup_stm32f205xx.o [1]
  .rodata            const    0x080019b0     0x0  zero_init3.o [4]
  .rodata            const    0x080019b0     0x0  packbits_init_single.o [4]
  Initializer bytes  const    0x080019b0    0x10  <for P2-1>
                            - 0x080019c0  0x183c

"P2", part 1 of 3:                         0x198
  P2-1                        0x20000000   0x198  <Init block>
    .data            inited   0x20000000   0x194  main.o [1]
    .data            inited   0x20000194     0x4  system_stm32f2xx.o [1]
                            - 0x20000198   0x198

"P2", part 2 of 3:                          0xc4
  .bss               zero     0x20000198    0x54  uart.o [1]
  .bss               zero     0x200001ec    0x30  flash.o [1]
  .bss               zero     0x2000021c    0x20  stm32f2xx_hal_flash.o [1]
  .bss               zero     0x2000023c    0x14  gpio.o [1]
  .bss               zero     0x20000250     0x4  stm32f2xx_hal.o [1]
  .bss               zero     0x20000254     0x4  uart.o [1]
  .bss               zero     0x20000258     0x4  uart.o [1]
                            - 0x2000025c    0xc4

"P2", part 3 of 3:                         0x400
  CSTACK                      0x20000260   0x400  <Block>
    CSTACK           uninit   0x20000260   0x400  <Block tail>
                            - 0x20000660   0x400


*******************************************************************************
*** INIT TABLE
***

          Address     Size
          -------     ----
Zero (__iar_zero_init3)
    1 destination range, total size 0xc4:
          0x20000198   0xc4

Copy/packbits (__iar_packbits_init_single3)
    1 source range, total size 0x10 (3% of destination):
          0x080019b0   0x10
    1 destination range, total size 0x198:
          0x20000000  0x198



*******************************************************************************
*** MODULE SUMMARY
***

    Module                    ro code  ro data  rw data
    ------                    -------  -------  -------
D:\Projects\Si40\Stage2\Ver2_1\EWARM\Ver2_1\Obj: [1]
    flash.o                       188                48
    gpio.o                         76                20
    main.o                        260       15      404
    startup_stm32f205xx.o         708
    stm32f2xx_hal.o               120                 4
    stm32f2xx_hal_cortex.o        206
    stm32f2xx_hal_dma.o            36
    stm32f2xx_hal_flash.o         464                32
    stm32f2xx_hal_flash_ex.o      348
    stm32f2xx_hal_gpio.o          504
    stm32f2xx_hal_msp.o           200
    stm32f2xx_hal_rcc.o         1 044
    stm32f2xx_hal_uart.o        1 194
    stm32f2xx_it.o                 40
    system_stm32f2xx.o             80        9        4
    uart.o                        256                92
    ---------------------------------------------------
    Total:                      5 724       24      604

command line: [2]
    ---------------------------------------------------
    Total:

dl7M_tlf.a: [3]
    exit.o                          4
    low_level_init.o                4
    ---------------------------------------------------
    Total:                          8

rt7M_tl.a: [4]
    I64DivMod.o                   558
    I64DivZer.o                     2
    cexit.o                        10
    cmain.o                        30
    cstartup_M.o                   12
    data_init.o                    40
    packbits_init_single.o         56
    zero_init3.o                   64
    ---------------------------------------------------
    Total:                        772

shb_l.a: [5]
    exit.o                         20
    ---------------------------------------------------
    Total:                         20

    Gaps                           12
    Linker created                          32    1 024
-------------------------------------------------------
    Grand Total:                6 536       56    1 628


*******************************************************************************
*** ENTRY LIST
***

Entry                      Address   Size  Type      Object
-----                      -------   ----  ----      ------
.iar.init_table$$Base   0x080017f4          --   Gb  - Linker created -
.iar.init_table$$Limit  0x08001814          --   Gb  - Linker created -
?main                   0x08001815         Code  Gb  cmain.o [4]
AHBPrescTable           0x0800170c   0x10  Data  Gb  system_stm32f2xx.o [1]
APBPrescTable           0x08001878    0x8  Data  Gb  system_stm32f2xx.o [1]
Address                 0x20000208    0x4  Data  Gb  flash.o [1]
BusFault_Handler        0x0800179b    0x2  Code  Gb  stm32f2xx_it.o [1]
CSTACK$$Base            0x20000260          --   Gb  - Linker created -
CSTACK$$Limit           0x20000660          --   Gb  - Linker created -
DebugMon_Handler        0x080017a1    0x2  Code  Gb  stm32f2xx_it.o [1]
EraseInitStruct         0x200001ec   0x14  Data  Lc  flash.o [1]
FLASH_Erase_Sector      0x08001603   0x4c  Code  Gb  stm32f2xx_hal_flash_ex.o [1]
FLASH_FlushCaches       0x0800164f   0x50  Code  Gb  stm32f2xx_hal_flash_ex.o [1]
FLASH_MassErase         0x0800169f   0x20  Code  Lc  stm32f2xx_hal_flash_ex.o [1]
FLASH_Program_Byte      0x080014e1   0x14  Code  Lc  stm32f2xx_hal_flash.o [1]
FLASH_Program_DoubleWord
                        0x0800147f   0x24  Code  Lc  stm32f2xx_hal_flash.o [1]
FLASH_Program_HalfWord  0x080014b5   0x12  Code  Lc  stm32f2xx_hal_flash.o [1]
FLASH_Program_Word      0x080014a3   0x12  Code  Lc  stm32f2xx_hal_flash.o [1]
FLASH_SetErrorCode      0x080014f5   0x60  Code  Lc  stm32f2xx_hal_flash.o [1]
FLASH_WaitForLastOperation
                        0x08001433   0x4c  Code  Gb  stm32f2xx_hal_flash.o [1]
FirstSector             0x20000200    0x4  Data  Gb  flash.o [1]
GPIO_InitStruct         0x2000023c   0x14  Data  Lc  gpio.o [1]
HAL_DMA_Abort_IT        0x080006f9   0x24  Code  Gb  stm32f2xx_hal_dma.o [1]
HAL_FLASHEx_Erase       0x08001571   0x92  Code  Gb  stm32f2xx_hal_flash_ex.o [1]
HAL_FLASH_Lock          0x08001421    0xa  Code  Gb  stm32f2xx_hal_flash.o [1]
HAL_FLASH_Program       0x080013a1   0x6e  Code  Gb  stm32f2xx_hal_flash.o [1]
HAL_FLASH_Unlock        0x0800140f   0x12  Code  Gb  stm32f2xx_hal_flash.o [1]
HAL_GPIO_Init           0x08000d01  0x1bc  Code  Gb  stm32f2xx_hal_gpio.o [1]
HAL_GPIO_WritePin       0x08000ebd    0xc  Code  Gb  stm32f2xx_hal_gpio.o [1]
HAL_GetTick             0x08000ffd    0xc  Code  Wk  stm32f2xx_hal.o [1]
HAL_IncTick             0x080017bd   0x10  Code  Wk  stm32f2xx_hal.o [1]
HAL_Init                0x08001261   0x30  Code  Gb  stm32f2xx_hal.o [1]
HAL_InitTick            0x08001009   0x28  Code  Wk  stm32f2xx_hal.o [1]
HAL_MspInit             0x08000631   0x60  Code  Gb  stm32f2xx_hal_msp.o [1]
HAL_NVIC_EnableIRQ      0x08000ca3    0xa  Code  Gb  stm32f2xx_hal_cortex.o [1]
HAL_NVIC_SetPriority    0x08000c69   0x3a  Code  Gb  stm32f2xx_hal_cortex.o [1]
HAL_NVIC_SetPriorityGrouping
                        0x08000c4f   0x1a  Code  Gb  stm32f2xx_hal_cortex.o [1]
HAL_RCC_ClockConfig     0x08000a87   0xfa  Code  Gb  stm32f2xx_hal_rcc.o [1]
HAL_RCC_GetPCLK1Freq    0x08000bd9   0x10  Code  Gb  stm32f2xx_hal_rcc.o [1]
HAL_RCC_GetPCLK2Freq    0x08000be9    0xe  Code  Gb  stm32f2xx_hal_rcc.o [1]
HAL_RCC_GetSysClockFreq
                        0x08000b8d   0x4c  Code  Gb  stm32f2xx_hal_rcc.o [1]
HAL_RCC_OscConfig       0x0800081d  0x26a  Code  Gb  stm32f2xx_hal_rcc.o [1]
HAL_SYSTICK_Config      0x08000cb7   0x28  Code  Gb  stm32f2xx_hal_cortex.o [1]
HAL_SYSTICK_IRQHandler  0x08000cf9    0x4  Code  Gb  stm32f2xx_hal_cortex.o [1]
HAL_UART_ErrorCallback  0x08000731    0x4  Code  Gb  uart.o [1]
HAL_UART_GetState       0x080003eb    0xc  Code  Gb  stm32f2xx_hal_uart.o [1]
HAL_UART_IRQHandler     0x08000299  0x152  Code  Gb  stm32f2xx_hal_uart.o [1]
HAL_UART_Init           0x08000185   0x1e  Code  Gb  stm32f2xx_hal_uart.o [1]
HAL_UART_MspInit        0x08000691   0x5c  Code  Gb  stm32f2xx_hal_msp.o [1]
HAL_UART_Receive_IT     0x0800023d   0x4a  Code  Gb  stm32f2xx_hal_uart.o [1]
HAL_UART_RxCpltCallback
                        0x08000723    0xe  Code  Gb  uart.o [1]
HAL_UART_Transmit_IT    0x080001fd   0x40  Code  Gb  stm32f2xx_hal_uart.o [1]
HAL_UART_TxCpltCallback
                        0x0800071d    0x6  Code  Gb  uart.o [1]
HardFault_Handler       0x08001797    0x2  Code  Gb  stm32f2xx_it.o [1]
MemManage_Handler       0x08001799    0x2  Code  Gb  stm32f2xx_it.o [1]
MemoryProgramStatus     0x20000214    0x4  Data  Gb  flash.o [1]
NMI_Handler             0x08001795    0x2  Code  Gb  stm32f2xx_it.o [1]
NVIC_SetPriority        0x08000c31   0x1e  Code  Lc  stm32f2xx_hal_cortex.o [1]
NbOfSectors             0x20000204    0x4  Data  Gb  flash.o [1]
PendSV_Handler          0x080017a3    0x2  Code  Gb  stm32f2xx_it.o [1]
Region$$Table$$Base     0x080017f4          --   Gb  - Linker created -
Region$$Table$$Limit    0x08001814          --   Gb  - Linker created -
SVC_Handler             0x0800179f    0x2  Code  Gb  stm32f2xx_it.o [1]
SectorError             0x20000218    0x4  Data  Gb  flash.o [1]
SysTick_Handler         0x080017a5    0xe  Code  Gb  stm32f2xx_it.o [1]
SystemClock_Config      0x08000f65   0x66  Code  Gb  main.o [1]
SystemCoreClock         0x20000194    0x4  Data  Gb  system_stm32f2xx.o [1]
SystemInit              0x080016cd   0x30  Code  Gb  system_stm32f2xx.o [1]
UART_DMAAbortOnError    0x08000415    0xc  Code  Lc  stm32f2xx_hal_uart.o [1]
UART_EndRxTransfer      0x080003f7   0x1c  Code  Lc  stm32f2xx_hal_uart.o [1]
UART_Receive_IT         0x08000421   0x8c  Code  Lc  stm32f2xx_hal_uart.o [1]
UART_SetConfig          0x080004ad  0x13a  Code  Lc  stm32f2xx_hal_uart.o [1]
USART1_IRQHandler       0x080017b3    0x6  Code  Gb  stm32f2xx_it.o [1]
UartHandle              0x200001a8   0x40  Data  Gb  uart.o [1]
UsageFault_Handler      0x0800179d    0x2  Code  Gb  stm32f2xx_it.o [1]
_Error_Handler          0x08000fcb    0x4  Code  Gb  main.o [1]
__aeabi_ldiv0           0x0800139d         Code  Gb  I64DivZer.o [4]
__aeabi_uldivmod        0x08001031         Code  Gb  I64DivMod.o [4]
__cmain                 0x08001815         Code  Gb  cmain.o [4]
__exit                  0x08001849   0x14  Code  Gb  exit.o [5]
__iar_data_init3        0x080017cd   0x28  Code  Gb  data_init.o [4]
__iar_packbits_init_single3
                        0x0800175d   0x38  Code  Gb  packbits_init_single.o [4]
__iar_program_start     0x0800186d         Code  Gb  cstartup_M.o [4]
__iar_systems$$module {Abs}
                        0x00000001         Data  Gb  command line/config [2]
__iar_zero_init3        0x0800171d   0x40  Code  Gb  zero_init3.o [4]
__low_level_init        0x08001833    0x4  Code  Gb  low_level_init.o [3]
__vector_table          0x08000000         Data  Gb  startup_stm32f205xx.o [1]
_call_main              0x08001821         Code  Gb  cmain.o [4]
_exit                   0x0800183d         Code  Gb  cexit.o [4]
_main                   0x0800182f         Code  Gb  cmain.o [4]
aRxBuffer               0x20000199    0x1  Data  Gb  uart.o [1]
aTxBuffer               0x2000019c    0xc  Data  Gb  uart.o [1]
bufferDownload          0x20000000  0x190  Data  Gb  main.o [1]
data32                  0x20000210    0x4  Data  Gb  flash.o [1]
dataGet                 0x20000198    0x1  Data  Gb  uart.o [1]
exit                    0x08001837    0x4  Code  Gb  exit.o [3]
flashFillMemory         0x080012e1   0xb4  Code  Gb  flash.o [1]
gpioClearPC3            0x080012cb    0x2  Code  Gb  gpio.o [1]
gpioInit                0x08001295   0x32  Code  Gb  gpio.o [1]
gpioSetPC3              0x080012c7    0x4  Code  Gb  gpio.o [1]
length                  0x20000190    0x4  Data  Gb  main.o [1]
main                    0x08000ef9   0x68  Code  Gb  main.o [1]
pFlash                  0x2000021c   0x20  Data  Gb  stm32f2xx_hal_flash.o [1]
pointer                 0x2000020c    0x4  Data  Gb  flash.o [1]
testErr                 0x20000258    0x4  Data  Gb  uart.o [1]
testRX                  0x200001e8    0x4  Data  Gb  uart.o [1]
testTX                  0x20000254    0x4  Data  Gb  uart.o [1]
uartGetData             0x080007db    0x6  Code  Gb  uart.o [1]
uartInit                0x0800073d   0x30  Code  Gb  uart.o [1]
uartIsData              0x080007cb   0x10  Code  Gb  uart.o [1]
uartStartRX             0x0800076d   0x2c  Code  Gb  uart.o [1]
uartStartTX             0x080007a1   0x2a  Code  Gb  uart.o [1]
uwTick                  0x20000250    0x4  Data  Gb  stm32f2xx_hal.o [1]


[1] = D:\Projects\Si40\Stage2\Ver2_1\EWARM\Ver2_1\Obj
[2] = command line
[3] = dl7M_tlf.a
[4] = rt7M_tl.a
[5] = shb_l.a

  6 536 bytes of readonly  code memory
     56 bytes of readonly  data memory
  1 628 bytes of readwrite data memory

Errors: none
Warnings: none
